// Jest Snapshot v1, https://goo.gl/fbAQLP

exports[`VueComponent snapshot 1`] = `
<div>
  <h1><span>
  Heading 1
</span></h1>
</div>
`;
