// Jest Snapshot v1, https://goo.gl/fbAQLP

exports[`VueRemarkHtml snapshot 1`] = `
<div>
  <h1>html heading</h1>
</div>
`;
