// Jest Snapshot v1, https://goo.gl/fbAQLP

exports[`VueRemarkInlineCode snapshot 1`] = `<code>import foo from 'bar';</code>`;
