// Jest Snapshot v1, https://goo.gl/fbAQLP

exports[`VueRemarkRoot snapshot 1`] = `<div>something</div>`;
